Archive member included to satisfy reference by file (symbol)

c:\users\jakep\Documents\Atmel Studio\7.0\SimonSays\SimonSays\ArduinoCore\Debug\libArduinoCore.a(main.o)
                              C:/Program Files (x86)/Atmel/Studio/7.0/Packs/atmel/ATmega_DFP/1.2.150/gcc/dev/atmega328/avr5/crtatmega328.o (main)
c:\users\jakep\Documents\Atmel Studio\7.0\SimonSays\SimonSays\ArduinoCore\Debug\libArduinoCore.a(wiring.o)
                              Sketch.o (millis)
c:\users\jakep\Documents\Atmel Studio\7.0\SimonSays\SimonSays\ArduinoCore\Debug\libArduinoCore.a(wiring_analog.o)
                              Sketch.o (analogRead)
c:\users\jakep\Documents\Atmel Studio\7.0\SimonSays\SimonSays\ArduinoCore\Debug\libArduinoCore.a(wiring_digital.o)
                              Sketch.o (pinMode)
c:\users\jakep\Documents\Atmel Studio\7.0\SimonSays\SimonSays\ArduinoCore\Debug\libArduinoCore.a(WMath.o)
                              Sketch.o (_Z10randomSeedm)
c:\users\jakep\Documents\Atmel Studio\7.0\SimonSays\SimonSays\ArduinoCore\Debug\libArduinoCore.a(ADCTouch.o)
                              Sketch.o (_ZN13ADCTouchClass4readEhi)
c:\users\jakep\Documents\Atmel Studio\7.0\SimonSays\SimonSays\ArduinoCore\Debug\libArduinoCore.a(hooks.o)
                              c:\users\jakep\Documents\Atmel Studio\7.0\SimonSays\SimonSays\ArduinoCore\Debug\libArduinoCore.a(wiring.o) (yield)
c:/program files (x86)/atmel/studio/7.0/toolchain/avr8/avr8-gnu-toolchain/bin/../lib/gcc/avr/5.4.0/avr5\libgcc.a(_mulsi3.o)
                              c:\users\jakep\Documents\Atmel Studio\7.0\SimonSays\SimonSays\ArduinoCore\Debug\libArduinoCore.a(WMath.o) (__mulsi3)
c:/program files (x86)/atmel/studio/7.0/toolchain/avr8/avr8-gnu-toolchain/bin/../lib/gcc/avr/5.4.0/avr5\libgcc.a(_divmodsi4.o)
                              c:\users\jakep\Documents\Atmel Studio\7.0\SimonSays\SimonSays\ArduinoCore\Debug\libArduinoCore.a(WMath.o) (__divmodsi4)
c:/program files (x86)/atmel/studio/7.0/toolchain/avr8/avr8-gnu-toolchain/bin/../lib/gcc/avr/5.4.0/avr5\libgcc.a(_negsi2.o)
                              c:/program files (x86)/atmel/studio/7.0/toolchain/avr8/avr8-gnu-toolchain/bin/../lib/gcc/avr/5.4.0/avr5\libgcc.a(_divmodsi4.o) (__negsi2)
c:/program files (x86)/atmel/studio/7.0/toolchain/avr8/avr8-gnu-toolchain/bin/../lib/gcc/avr/5.4.0/avr5\libgcc.a(_exit.o)
                              C:/Program Files (x86)/Atmel/Studio/7.0/Packs/atmel/ATmega_DFP/1.2.150/gcc/dev/atmega328/avr5/crtatmega328.o (exit)
c:/program files (x86)/atmel/studio/7.0/toolchain/avr8/avr8-gnu-toolchain/bin/../lib/gcc/avr/5.4.0/avr5\libgcc.a(_copy_data.o)
                              c:\users\jakep\Documents\Atmel Studio\7.0\SimonSays\SimonSays\ArduinoCore\Debug\libArduinoCore.a(wiring_analog.o) (__do_copy_data)
c:/program files (x86)/atmel/studio/7.0/toolchain/avr8/avr8-gnu-toolchain/bin/../lib/gcc/avr/5.4.0/avr5\libgcc.a(_clear_bss.o)
                              Sketch.o (__do_clear_bss)
c:/program files (x86)/atmel/studio/7.0/toolchain/avr8/avr8-gnu-toolchain/bin/../lib/gcc/avr/5.4.0/avr5\libgcc.a(_muluhisi3.o)
                              c:/program files (x86)/atmel/studio/7.0/toolchain/avr8/avr8-gnu-toolchain/bin/../lib/gcc/avr/5.4.0/avr5\libgcc.a(_mulsi3.o) (__muluhisi3)
c:/program files (x86)/atmel/studio/7.0/toolchain/avr8/avr8-gnu-toolchain/bin/../lib/gcc/avr/5.4.0/avr5\libgcc.a(_udivmodsi4.o)
                              c:/program files (x86)/atmel/studio/7.0/toolchain/avr8/avr8-gnu-toolchain/bin/../lib/gcc/avr/5.4.0/avr5\libgcc.a(_divmodsi4.o) (__udivmodsi4)
c:/program files (x86)/atmel/studio/7.0/toolchain/avr8/avr8-gnu-toolchain/bin/../lib/gcc/avr/5.4.0/avr5\libgcc.a(_umulhisi3.o)
                              c:/program files (x86)/atmel/studio/7.0/toolchain/avr8/avr8-gnu-toolchain/bin/../lib/gcc/avr/5.4.0/avr5\libgcc.a(_muluhisi3.o) (__umulhisi3)
c:/program files (x86)/atmel/studio/7.0/toolchain/avr8/avr8-gnu-toolchain/bin/../lib/gcc/avr/5.4.0/../../../../avr/lib/avr5\libc.a(random.o)
                              c:\users\jakep\Documents\Atmel Studio\7.0\SimonSays\SimonSays\ArduinoCore\Debug\libArduinoCore.a(WMath.o) (random)
c:/program files (x86)/atmel/studio/7.0/toolchain/avr8/avr8-gnu-toolchain/bin/../lib/gcc/avr/5.4.0/avr5\libgcc.a(_mulshisi3.o)
                              c:/program files (x86)/atmel/studio/7.0/toolchain/avr8/avr8-gnu-toolchain/bin/../lib/gcc/avr/5.4.0/../../../../avr/lib/avr5\libc.a(random.o) (__mulohisi3)

Discarded input sections

 .data          0x00000000        0x0 C:/Program Files (x86)/Atmel/Studio/7.0/Packs/atmel/ATmega_DFP/1.2.150/gcc/dev/atmega328/avr5/crtatmega328.o
 .bss           0x00000000        0x0 C:/Program Files (x86)/Atmel/Studio/7.0/Packs/atmel/ATmega_DFP/1.2.150/gcc/dev/atmega328/avr5/crtatmega328.o
 .text          0x00000000        0x0 Sketch.o
 .data          0x00000000        0x0 Sketch.o
 .bss           0x00000000        0x0 Sketch.o
 .text          0x00000000        0x0 c:\users\jakep\Documents\Atmel Studio\7.0\SimonSays\SimonSays\ArduinoCore\Debug\libArduinoCore.a(main.o)
 .data          0x00000000        0x0 c:\users\jakep\Documents\Atmel Studio\7.0\SimonSays\SimonSays\ArduinoCore\Debug\libArduinoCore.a(main.o)
 .bss           0x00000000        0x0 c:\users\jakep\Documents\Atmel Studio\7.0\SimonSays\SimonSays\ArduinoCore\Debug\libArduinoCore.a(main.o)
 .text.atexit   0x00000000        0x6 c:\users\jakep\Documents\Atmel Studio\7.0\SimonSays\SimonSays\ArduinoCore\Debug\libArduinoCore.a(main.o)
 .text._Z8setupUSBv
                0x00000000        0x2 c:\users\jakep\Documents\Atmel Studio\7.0\SimonSays\SimonSays\ArduinoCore\Debug\libArduinoCore.a(main.o)
 .text          0x00000000        0x0 c:\users\jakep\Documents\Atmel Studio\7.0\SimonSays\SimonSays\ArduinoCore\Debug\libArduinoCore.a(wiring.o)
 .data          0x00000000        0x0 c:\users\jakep\Documents\Atmel Studio\7.0\SimonSays\SimonSays\ArduinoCore\Debug\libArduinoCore.a(wiring.o)
 .bss           0x00000000        0x0 c:\users\jakep\Documents\Atmel Studio\7.0\SimonSays\SimonSays\ArduinoCore\Debug\libArduinoCore.a(wiring.o)
 .text.delayMicroseconds
                0x00000000       0x16 c:\users\jakep\Documents\Atmel Studio\7.0\SimonSays\SimonSays\ArduinoCore\Debug\libArduinoCore.a(wiring.o)
 .text          0x00000000        0x0 c:\users\jakep\Documents\Atmel Studio\7.0\SimonSays\SimonSays\ArduinoCore\Debug\libArduinoCore.a(wiring_analog.o)
 .data          0x00000000        0x0 c:\users\jakep\Documents\Atmel Studio\7.0\SimonSays\SimonSays\ArduinoCore\Debug\libArduinoCore.a(wiring_analog.o)
 .bss           0x00000000        0x0 c:\users\jakep\Documents\Atmel Studio\7.0\SimonSays\SimonSays\ArduinoCore\Debug\libArduinoCore.a(wiring_analog.o)
 .text.analogReference
                0x00000000        0x6 c:\users\jakep\Documents\Atmel Studio\7.0\SimonSays\SimonSays\ArduinoCore\Debug\libArduinoCore.a(wiring_analog.o)
 .text.analogWrite
                0x00000000       0xbe c:\users\jakep\Documents\Atmel Studio\7.0\SimonSays\SimonSays\ArduinoCore\Debug\libArduinoCore.a(wiring_analog.o)
 .text          0x00000000        0x0 c:\users\jakep\Documents\Atmel Studio\7.0\SimonSays\SimonSays\ArduinoCore\Debug\libArduinoCore.a(wiring_digital.o)
 .data          0x00000000        0x0 c:\users\jakep\Documents\Atmel Studio\7.0\SimonSays\SimonSays\ArduinoCore\Debug\libArduinoCore.a(wiring_digital.o)
 .bss           0x00000000        0x0 c:\users\jakep\Documents\Atmel Studio\7.0\SimonSays\SimonSays\ArduinoCore\Debug\libArduinoCore.a(wiring_digital.o)
 .text.digitalRead
                0x00000000       0x52 c:\users\jakep\Documents\Atmel Studio\7.0\SimonSays\SimonSays\ArduinoCore\Debug\libArduinoCore.a(wiring_digital.o)
 .progmem.data.port_to_input_PGM
                0x00000000        0xa c:\users\jakep\Documents\Atmel Studio\7.0\SimonSays\SimonSays\ArduinoCore\Debug\libArduinoCore.a(wiring_digital.o)
 .text          0x00000000        0x0 c:\users\jakep\Documents\Atmel Studio\7.0\SimonSays\SimonSays\ArduinoCore\Debug\libArduinoCore.a(WMath.o)
 .data          0x00000000        0x0 c:\users\jakep\Documents\Atmel Studio\7.0\SimonSays\SimonSays\ArduinoCore\Debug\libArduinoCore.a(WMath.o)
 .bss           0x00000000        0x0 c:\users\jakep\Documents\Atmel Studio\7.0\SimonSays\SimonSays\ArduinoCore\Debug\libArduinoCore.a(WMath.o)
 .text._Z3maplllll
                0x00000000       0x82 c:\users\jakep\Documents\Atmel Studio\7.0\SimonSays\SimonSays\ArduinoCore\Debug\libArduinoCore.a(WMath.o)
 .text._Z8makeWordj
                0x00000000        0x2 c:\users\jakep\Documents\Atmel Studio\7.0\SimonSays\SimonSays\ArduinoCore\Debug\libArduinoCore.a(WMath.o)
 .text._Z8makeWordhh
                0x00000000        0xa c:\users\jakep\Documents\Atmel Studio\7.0\SimonSays\SimonSays\ArduinoCore\Debug\libArduinoCore.a(WMath.o)
 .text          0x00000000        0x0 c:\users\jakep\Documents\Atmel Studio\7.0\SimonSays\SimonSays\ArduinoCore\Debug\libArduinoCore.a(ADCTouch.o)
 .data          0x00000000        0x0 c:\users\jakep\Documents\Atmel Studio\7.0\SimonSays\SimonSays\ArduinoCore\Debug\libArduinoCore.a(ADCTouch.o)
 .bss           0x00000000        0x0 c:\users\jakep\Documents\Atmel Studio\7.0\SimonSays\SimonSays\ArduinoCore\Debug\libArduinoCore.a(ADCTouch.o)
 .text          0x00000000        0x0 c:\users\jakep\Documents\Atmel Studio\7.0\SimonSays\SimonSays\ArduinoCore\Debug\libArduinoCore.a(hooks.o)
 .data          0x00000000        0x0 c:\users\jakep\Documents\Atmel Studio\7.0\SimonSays\SimonSays\ArduinoCore\Debug\libArduinoCore.a(hooks.o)
 .bss           0x00000000        0x0 c:\users\jakep\Documents\Atmel Studio\7.0\SimonSays\SimonSays\ArduinoCore\Debug\libArduinoCore.a(hooks.o)
 .text          0x00000000        0x0 c:/program files (x86)/atmel/studio/7.0/toolchain/avr8/avr8-gnu-toolchain/bin/../lib/gcc/avr/5.4.0/avr5\libgcc.a(_mulsi3.o)
 .data          0x00000000        0x0 c:/program files (x86)/atmel/studio/7.0/toolchain/avr8/avr8-gnu-toolchain/bin/../lib/gcc/avr/5.4.0/avr5\libgcc.a(_mulsi3.o)
 .bss           0x00000000        0x0 c:/program files (x86)/atmel/studio/7.0/toolchain/avr8/avr8-gnu-toolchain/bin/../lib/gcc/avr/5.4.0/avr5\libgcc.a(_mulsi3.o)
 .text.libgcc.mul
                0x00000000       0x20 c:/program files (x86)/atmel/studio/7.0/toolchain/avr8/avr8-gnu-toolchain/bin/../lib/gcc/avr/5.4.0/avr5\libgcc.a(_mulsi3.o)
 .text.libgcc.div
                0x00000000        0x0 c:/program files (x86)/atmel/studio/7.0/toolchain/avr8/avr8-gnu-toolchain/bin/../lib/gcc/avr/5.4.0/avr5\libgcc.a(_mulsi3.o)
 .text.libgcc   0x00000000        0x0 c:/program files (x86)/atmel/studio/7.0/toolchain/avr8/avr8-gnu-toolchain/bin/../lib/gcc/avr/5.4.0/avr5\libgcc.a(_mulsi3.o)
 .text.libgcc.prologue
                0x00000000        0x0 c:/program files (x86)/atmel/studio/7.0/toolchain/avr8/avr8-gnu-toolchain/bin/../lib/gcc/avr/5.4.0/avr5\libgcc.a(_mulsi3.o)
 .text.libgcc.builtins
                0x00000000        0x0 c:/program files (x86)/atmel/studio/7.0/toolchain/avr8/avr8-gnu-toolchain/bin/../lib/gcc/avr/5.4.0/avr5\libgcc.a(_mulsi3.o)
 .text.libgcc.fmul
                0x00000000        0x0 c:/program files (x86)/atmel/studio/7.0/toolchain/avr8/avr8-gnu-toolchain/bin/../lib/gcc/avr/5.4.0/avr5\libgcc.a(_mulsi3.o)
 .text.libgcc.fixed
                0x00000000        0x0 c:/program files (x86)/atmel/studio/7.0/toolchain/avr8/avr8-gnu-toolchain/bin/../lib/gcc/avr/5.4.0/avr5\libgcc.a(_mulsi3.o)
 .text          0x00000000        0x0 c:/program files (x86)/atmel/studio/7.0/toolchain/avr8/avr8-gnu-toolchain/bin/../lib/gcc/avr/5.4.0/avr5\libgcc.a(_divmodsi4.o)
 .data          0x00000000        0x0 c:/program files (x86)/atmel/studio/7.0/toolchain/avr8/avr8-gnu-toolchain/bin/../lib/gcc/avr/5.4.0/avr5\libgcc.a(_divmodsi4.o)
 .bss           0x00000000        0x0 c:/program files (x86)/atmel/studio/7.0/toolchain/avr8/avr8-gnu-toolchain/bin/../lib/gcc/avr/5.4.0/avr5\libgcc.a(_divmodsi4.o)
 .text.libgcc.mul
                0x00000000        0x0 c:/program files (x86)/atmel/studio/7.0/toolchain/avr8/avr8-gnu-toolchain/bin/../lib/gcc/avr/5.4.0/avr5\libgcc.a(_divmodsi4.o)
 .text.libgcc   0x00000000        0x0 c:/program files (x86)/atmel/studio/7.0/toolchain/avr8/avr8-gnu-toolchain/bin/../lib/gcc/avr/5.4.0/avr5\libgcc.a(_divmodsi4.o)
 .text.libgcc.prologue
                0x00000000        0x0 c:/program files (x86)/atmel/studio/7.0/toolchain/avr8/avr8-gnu-toolchain/bin/../lib/gcc/avr/5.4.0/avr5\libgcc.a(_divmodsi4.o)
 .text.libgcc.builtins
                0x00000000        0x0 c:/program files (x86)/atmel/studio/7.0/toolchain/avr8/avr8-gnu-toolchain/bin/../lib/gcc/avr/5.4.0/avr5\libgcc.a(_divmodsi4.o)
 .text.libgcc.fmul
                0x00000000        0x0 c:/program files (x86)/atmel/studio/7.0/toolchain/avr8/avr8-gnu-toolchain/bin/../lib/gcc/avr/5.4.0/avr5\libgcc.a(_divmodsi4.o)
 .text.libgcc.fixed
                0x00000000        0x0 c:/program files (x86)/atmel/studio/7.0/toolchain/avr8/avr8-gnu-toolchain/bin/../lib/gcc/avr/5.4.0/avr5\libgcc.a(_divmodsi4.o)
 .text          0x00000000        0x0 c:/program files (x86)/atmel/studio/7.0/toolchain/avr8/avr8-gnu-toolchain/bin/../lib/gcc/avr/5.4.0/avr5\libgcc.a(_negsi2.o)
 .data          0x00000000        0x0 c:/program files (x86)/atmel/studio/7.0/toolchain/avr8/avr8-gnu-toolchain/bin/../lib/gcc/avr/5.4.0/avr5\libgcc.a(_negsi2.o)
 .bss           0x00000000        0x0 c:/program files (x86)/atmel/studio/7.0/toolchain/avr8/avr8-gnu-toolchain/bin/../lib/gcc/avr/5.4.0/avr5\libgcc.a(_negsi2.o)
 .text.libgcc.mul
                0x00000000        0x0 c:/program files (x86)/atmel/studio/7.0/toolchain/avr8/avr8-gnu-toolchain/bin/../lib/gcc/avr/5.4.0/avr5\libgcc.a(_negsi2.o)
 .text.libgcc   0x00000000        0x0 c:/program files (x86)/atmel/studio/7.0/toolchain/avr8/avr8-gnu-toolchain/bin/../lib/gcc/avr/5.4.0/avr5\libgcc.a(_negsi2.o)
 .text.libgcc.prologue
                0x00000000        0x0 c:/program files (x86)/atmel/studio/7.0/toolchain/avr8/avr8-gnu-toolchain/bin/../lib/gcc/avr/5.4.0/avr5\libgcc.a(_negsi2.o)
 .text.libgcc.builtins
                0x00000000        0x0 c:/program files (x86)/atmel/studio/7.0/toolchain/avr8/avr8-gnu-toolchain/bin/../lib/gcc/avr/5.4.0/avr5\libgcc.a(_negsi2.o)
 .text.libgcc.fmul
                0x00000000        0x0 c:/program files (x86)/atmel/studio/7.0/toolchain/avr8/avr8-gnu-toolchain/bin/../lib/gcc/avr/5.4.0/avr5\libgcc.a(_negsi2.o)
 .text.libgcc.fixed
                0x00000000        0x0 c:/program files (x86)/atmel/studio/7.0/toolchain/avr8/avr8-gnu-toolchain/bin/../lib/gcc/avr/5.4.0/avr5\libgcc.a(_negsi2.o)
 .text          0x00000000        0x0 c:/program files (x86)/atmel/studio/7.0/toolchain/avr8/avr8-gnu-toolchain/bin/../lib/gcc/avr/5.4.0/avr5\libgcc.a(_exit.o)
 .data          0x00000000        0x0 c:/program files (x86)/atmel/studio/7.0/toolchain/avr8/avr8-gnu-toolchain/bin/../lib/gcc/avr/5.4.0/avr5\libgcc.a(_exit.o)
 .bss           0x00000000        0x0 c:/program files (x86)/atmel/studio/7.0/toolchain/avr8/avr8-gnu-toolchain/bin/../lib/gcc/avr/5.4.0/avr5\libgcc.a(_exit.o)
 .text.libgcc.mul
                0x00000000        0x0 c:/program files (x86)/atmel/studio/7.0/toolchain/avr8/avr8-gnu-toolchain/bin/../lib/gcc/avr/5.4.0/avr5\libgcc.a(_exit.o)
 .text.libgcc.div
                0x00000000        0x0 c:/program files (x86)/atmel/studio/7.0/toolchain/avr8/avr8-gnu-toolchain/bin/../lib/gcc/avr/5.4.0/avr5\libgcc.a(_exit.o)
 .text.libgcc   0x00000000        0x0 c:/program files (x86)/atmel/studio/7.0/toolchain/avr8/avr8-gnu-toolchain/bin/../lib/gcc/avr/5.4.0/avr5\libgcc.a(_exit.o)
 .text.libgcc.prologue
                0x00000000        0x0 c:/program files (x86)/atmel/studio/7.0/toolchain/avr8/avr8-gnu-toolchain/bin/../lib/gcc/avr/5.4.0/avr5\libgcc.a(_exit.o)
 .text.libgcc.builtins
                0x00000000        0x0 c:/program files (x86)/atmel/studio/7.0/toolchain/avr8/avr8-gnu-toolchain/bin/../lib/gcc/avr/5.4.0/avr5\libgcc.a(_exit.o)
 .text.libgcc.fmul
                0x00000000        0x0 c:/program files (x86)/atmel/studio/7.0/toolchain/avr8/avr8-gnu-toolchain/bin/../lib/gcc/avr/5.4.0/avr5\libgcc.a(_exit.o)
 .text.libgcc.fixed
                0x00000000        0x0 c:/program files (x86)/atmel/studio/7.0/toolchain/avr8/avr8-gnu-toolchain/bin/../lib/gcc/avr/5.4.0/avr5\libgcc.a(_exit.o)
 .text          0x00000000        0x0 c:/program files (x86)/atmel/studio/7.0/toolchain/avr8/avr8-gnu-toolchain/bin/../lib/gcc/avr/5.4.0/avr5\libgcc.a(_copy_data.o)
 .data          0x00000000        0x0 c:/program files (x86)/atmel/studio/7.0/toolchain/avr8/avr8-gnu-toolchain/bin/../lib/gcc/avr/5.4.0/avr5\libgcc.a(_copy_data.o)
 .bss           0x00000000        0x0 c:/program files (x86)/atmel/studio/7.0/toolchain/avr8/avr8-gnu-toolchain/bin/../lib/gcc/avr/5.4.0/avr5\libgcc.a(_copy_data.o)
 .text.libgcc.mul
                0x00000000        0x0 c:/program files (x86)/atmel/studio/7.0/toolchain/avr8/avr8-gnu-toolchain/bin/../lib/gcc/avr/5.4.0/avr5\libgcc.a(_copy_data.o)
 .text.libgcc.div
                0x00000000        0x0 c:/program files (x86)/atmel/studio/7.0/toolchain/avr8/avr8-gnu-toolchain/bin/../lib/gcc/avr/5.4.0/avr5\libgcc.a(_copy_data.o)
 .text.libgcc   0x00000000        0x0 c:/program files (x86)/atmel/studio/7.0/toolchain/avr8/avr8-gnu-toolchain/bin/../lib/gcc/avr/5.4.0/avr5\libgcc.a(_copy_data.o)
 .text.libgcc.prologue
                0x00000000        0x0 c:/program files (x86)/atmel/studio/7.0/toolchain/avr8/avr8-gnu-toolchain/bin/../lib/gcc/avr/5.4.0/avr5\libgcc.a(_copy_data.o)
 .text.libgcc.builtins
                0x00000000        0x0 c:/program files (x86)/atmel/studio/7.0/toolchain/avr8/avr8-gnu-toolchain/bin/../lib/gcc/avr/5.4.0/avr5\libgcc.a(_copy_data.o)
 .text.libgcc.fmul
                0x00000000        0x0 c:/program files (x86)/atmel/studio/7.0/toolchain/avr8/avr8-gnu-toolchain/bin/../lib/gcc/avr/5.4.0/avr5\libgcc.a(_copy_data.o)
 .text.libgcc.fixed
                0x00000000        0x0 c:/program files (x86)/atmel/studio/7.0/toolchain/avr8/avr8-gnu-toolchain/bin/../lib/gcc/avr/5.4.0/avr5\libgcc.a(_copy_data.o)
 .text          0x00000000        0x0 c:/program files (x86)/atmel/studio/7.0/toolchain/avr8/avr8-gnu-toolchain/bin/../lib/gcc/avr/5.4.0/avr5\libgcc.a(_clear_bss.o)
 .data          0x00000000        0x0 c:/program files (x86)/atmel/studio/7.0/toolchain/avr8/avr8-gnu-toolchain/bin/../lib/gcc/avr/5.4.0/avr5\libgcc.a(_clear_bss.o)
 .bss           0x00000000        0x0 c:/program files (x86)/atmel/studio/7.0/toolchain/avr8/avr8-gnu-toolchain/bin/../lib/gcc/avr/5.4.0/avr5\libgcc.a(_clear_bss.o)
 .text.libgcc.mul
                0x00000000        0x0 c:/program files (x86)/atmel/studio/7.0/toolchain/avr8/avr8-gnu-toolchain/bin/../lib/gcc/avr/5.4.0/avr5\libgcc.a(_clear_bss.o)
 .text.libgcc.div
                0x00000000        0x0 c:/program files (x86)/atmel/studio/7.0/toolchain/avr8/avr8-gnu-toolchain/bin/../lib/gcc/avr/5.4.0/avr5\libgcc.a(_clear_bss.o)
 .text.libgcc   0x00000000        0x0 c:/program files (x86)/atmel/studio/7.0/toolchain/avr8/avr8-gnu-toolchain/bin/../lib/gcc/avr/5.4.0/avr5\libgcc.a(_clear_bss.o)
 .text.libgcc.prologue
                0x00000000        0x0 c:/program files (x86)/atmel/studio/7.0/toolchain/avr8/avr8-gnu-toolchain/bin/../lib/gcc/avr/5.4.0/avr5\libgcc.a(_clear_bss.o)
 .text.libgcc.builtins
                0x00000000        0x0 c:/program files (x86)/atmel/studio/7.0/toolchain/avr8/avr8-gnu-toolchain/bin/../lib/gcc/avr/5.4.0/avr5\libgcc.a(_clear_bss.o)
 .text.libgcc.fmul
                0x00000000        0x0 c:/program files (x86)/atmel/studio/7.0/toolchain/avr8/avr8-gnu-toolchain/bin/../lib/gcc/avr/5.4.0/avr5\libgcc.a(_clear_bss.o)
 .text.libgcc.fixed
                0x00000000        0x0 c:/program files (x86)/atmel/studio/7.0/toolchain/avr8/avr8-gnu-toolchain/bin/../lib/gcc/avr/5.4.0/avr5\libgcc.a(_clear_bss.o)
 .text          0x00000000        0x0 c:/program files (x86)/atmel/studio/7.0/toolchain/avr8/avr8-gnu-toolchain/bin/../lib/gcc/avr/5.4.0/avr5\libgcc.a(_muluhisi3.o)
 .data          0x00000000        0x0 c:/program files (x86)/atmel/studio/7.0/toolchain/avr8/avr8-gnu-toolchain/bin/../lib/gcc/avr/5.4.0/avr5\libgcc.a(_muluhisi3.o)
 .bss           0x00000000        0x0 c:/program files (x86)/atmel/studio/7.0/toolchain/avr8/avr8-gnu-toolchain/bin/../lib/gcc/avr/5.4.0/avr5\libgcc.a(_muluhisi3.o)
 .text.libgcc.div
                0x00000000        0x0 c:/program files (x86)/atmel/studio/7.0/toolchain/avr8/avr8-gnu-toolchain/bin/../lib/gcc/avr/5.4.0/avr5\libgcc.a(_muluhisi3.o)
 .text.libgcc   0x00000000        0x0 c:/program files (x86)/atmel/studio/7.0/toolchain/avr8/avr8-gnu-toolchain/bin/../lib/gcc/avr/5.4.0/avr5\libgcc.a(_muluhisi3.o)
 .text.libgcc.prologue
                0x00000000        0x0 c:/program files (x86)/atmel/studio/7.0/toolchain/avr8/avr8-gnu-toolchain/bin/../lib/gcc/avr/5.4.0/avr5\libgcc.a(_muluhisi3.o)
 .text.libgcc.builtins
                0x00000000        0x0 c:/program files (x86)/atmel/studio/7.0/toolchain/avr8/avr8-gnu-toolchain/bin/../lib/gcc/avr/5.4.0/avr5\libgcc.a(_muluhisi3.o)
 .text.libgcc.fmul
                0x00000000        0x0 c:/program files (x86)/atmel/studio/7.0/toolchain/avr8/avr8-gnu-toolchain/bin/../lib/gcc/avr/5.4.0/avr5\libgcc.a(_muluhisi3.o)
 .text.libgcc.fixed
                0x00000000        0x0 c:/program files (x86)/atmel/studio/7.0/toolchain/avr8/avr8-gnu-toolchain/bin/../lib/gcc/avr/5.4.0/avr5\libgcc.a(_muluhisi3.o)
 .text          0x00000000        0x0 c:/program files (x86)/atmel/studio/7.0/toolchain/avr8/avr8-gnu-toolchain/bin/../lib/gcc/avr/5.4.0/avr5\libgcc.a(_udivmodsi4.o)
 .data          0x00000000        0x0 c:/program files (x86)/atmel/studio/7.0/toolchain/avr8/avr8-gnu-toolchain/bin/../lib/gcc/avr/5.4.0/avr5\libgcc.a(_udivmodsi4.o)
 .bss           0x00000000        0x0 c:/program files (x86)/atmel/studio/7.0/toolchain/avr8/avr8-gnu-toolchain/bin/../lib/gcc/avr/5.4.0/avr5\libgcc.a(_udivmodsi4.o)
 .text.libgcc.mul
                0x00000000        0x0 c:/program files (x86)/atmel/studio/7.0/toolchain/avr8/avr8-gnu-toolchain/bin/../lib/gcc/avr/5.4.0/avr5\libgcc.a(_udivmodsi4.o)
 .text.libgcc   0x00000000        0x0 c:/program files (x86)/atmel/studio/7.0/toolchain/avr8/avr8-gnu-toolchain/bin/../lib/gcc/avr/5.4.0/avr5\libgcc.a(_udivmodsi4.o)
 .text.libgcc.prologue
                0x00000000        0x0 c:/program files (x86)/atmel/studio/7.0/toolchain/avr8/avr8-gnu-toolchain/bin/../lib/gcc/avr/5.4.0/avr5\libgcc.a(_udivmodsi4.o)
 .text.libgcc.builtins
                0x00000000        0x0 c:/program files (x86)/atmel/studio/7.0/toolchain/avr8/avr8-gnu-toolchain/bin/../lib/gcc/avr/5.4.0/avr5\libgcc.a(_udivmodsi4.o)
 .text.libgcc.fmul
                0x00000000        0x0 c:/program files (x86)/atmel/studio/7.0/toolchain/avr8/avr8-gnu-toolchain/bin/../lib/gcc/avr/5.4.0/avr5\libgcc.a(_udivmodsi4.o)
 .text.libgcc.fixed
                0x00000000        0x0 c:/program files (x86)/atmel/studio/7.0/toolchain/avr8/avr8-gnu-toolchain/bin/../lib/gcc/avr/5.4.0/avr5\libgcc.a(_udivmodsi4.o)
 .text          0x00000000        0x0 c:/program files (x86)/atmel/studio/7.0/toolchain/avr8/avr8-gnu-toolchain/bin/../lib/gcc/avr/5.4.0/avr5\libgcc.a(_umulhisi3.o)
 .data          0x00000000        0x0 c:/program files (x86)/atmel/studio/7.0/toolchain/avr8/avr8-gnu-toolchain/bin/../lib/gcc/avr/5.4.0/avr5\libgcc.a(_umulhisi3.o)
 .bss           0x00000000        0x0 c:/program files (x86)/atmel/studio/7.0/toolchain/avr8/avr8-gnu-toolchain/bin/../lib/gcc/avr/5.4.0/avr5\libgcc.a(_umulhisi3.o)
 .text.libgcc.div
                0x00000000        0x0 c:/program files (x86)/atmel/studio/7.0/toolchain/avr8/avr8-gnu-toolchain/bin/../lib/gcc/avr/5.4.0/avr5\libgcc.a(_umulhisi3.o)
 .text.libgcc   0x00000000        0x0 c:/program files (x86)/atmel/studio/7.0/toolchain/avr8/avr8-gnu-toolchain/bin/../lib/gcc/avr/5.4.0/avr5\libgcc.a(_umulhisi3.o)
 .text.libgcc.prologue
                0x00000000        0x0 c:/program files (x86)/atmel/studio/7.0/toolchain/avr8/avr8-gnu-toolchain/bin/../lib/gcc/avr/5.4.0/avr5\libgcc.a(_umulhisi3.o)
 .text.libgcc.builtins
                0x00000000        0x0 c:/program files (x86)/atmel/studio/7.0/toolchain/avr8/avr8-gnu-toolchain/bin/../lib/gcc/avr/5.4.0/avr5\libgcc.a(_umulhisi3.o)
 .text.libgcc.fmul
                0x00000000        0x0 c:/program files (x86)/atmel/studio/7.0/toolchain/avr8/avr8-gnu-toolchain/bin/../lib/gcc/avr/5.4.0/avr5\libgcc.a(_umulhisi3.o)
 .text.libgcc.fixed
                0x00000000        0x0 c:/program files (x86)/atmel/studio/7.0/toolchain/avr8/avr8-gnu-toolchain/bin/../lib/gcc/avr/5.4.0/avr5\libgcc.a(_umulhisi3.o)
 .text          0x00000000        0x0 c:/program files (x86)/atmel/studio/7.0/toolchain/avr8/avr8-gnu-toolchain/bin/../lib/gcc/avr/5.4.0/../../../../avr/lib/avr5\libc.a(random.o)
 .bss           0x00000000        0x0 c:/program files (x86)/atmel/studio/7.0/toolchain/avr8/avr8-gnu-toolchain/bin/../lib/gcc/avr/5.4.0/../../../../avr/lib/avr5\libc.a(random.o)
 .text          0x00000000        0x0 c:/program files (x86)/atmel/studio/7.0/toolchain/avr8/avr8-gnu-toolchain/bin/../lib/gcc/avr/5.4.0/avr5\libgcc.a(_mulshisi3.o)
 .data          0x00000000        0x0 c:/program files (x86)/atmel/studio/7.0/toolchain/avr8/avr8-gnu-toolchain/bin/../lib/gcc/avr/5.4.0/avr5\libgcc.a(_mulshisi3.o)
 .bss           0x00000000        0x0 c:/program files (x86)/atmel/studio/7.0/toolchain/avr8/avr8-gnu-toolchain/bin/../lib/gcc/avr/5.4.0/avr5\libgcc.a(_mulshisi3.o)
 .text.libgcc.div
                0x00000000        0x0 c:/program files (x86)/atmel/studio/7.0/toolchain/avr8/avr8-gnu-toolchain/bin/../lib/gcc/avr/5.4.0/avr5\libgcc.a(_mulshisi3.o)
 .text.libgcc   0x00000000        0x0 c:/program files (x86)/atmel/studio/7.0/toolchain/avr8/avr8-gnu-toolchain/bin/../lib/gcc/avr/5.4.0/avr5\libgcc.a(_mulshisi3.o)
 .text.libgcc.prologue
                0x00000000        0x0 c:/program files (x86)/atmel/studio/7.0/toolchain/avr8/avr8-gnu-toolchain/bin/../lib/gcc/avr/5.4.0/avr5\libgcc.a(_mulshisi3.o)
 .text.libgcc.builtins
                0x00000000        0x0 c:/program files (x86)/atmel/studio/7.0/toolchain/avr8/avr8-gnu-toolchain/bin/../lib/gcc/avr/5.4.0/avr5\libgcc.a(_mulshisi3.o)
 .text.libgcc.fmul
                0x00000000        0x0 c:/program files (x86)/atmel/studio/7.0/toolchain/avr8/avr8-gnu-toolchain/bin/../lib/gcc/avr/5.4.0/avr5\libgcc.a(_mulshisi3.o)
 .text.libgcc.fixed
                0x00000000        0x0 c:/program files (x86)/atmel/studio/7.0/toolchain/avr8/avr8-gnu-toolchain/bin/../lib/gcc/avr/5.4.0/avr5\libgcc.a(_mulshisi3.o)

Memory Configuration

Name             Origin             Length             Attributes
text             0x00000000         0x00020000         xr
data             0x00800060         0x0000ffa0         rw !x
eeprom           0x00810000         0x00010000         rw !x
fuse             0x00820000         0x00000003         rw !x
lock             0x00830000         0x00000400         rw !x
signature        0x00840000         0x00000400         rw !x
user_signatures  0x00850000         0x00000400         rw !x
*default*        0x00000000         0xffffffff

Linker script and memory map

Address of section .data set to 0x800100
LOAD C:/Program Files (x86)/Atmel/Studio/7.0/Packs/atmel/ATmega_DFP/1.2.150/gcc/dev/atmega328/avr5/crtatmega328.o
LOAD Sketch.o
START GROUP
LOAD c:/program files (x86)/atmel/studio/7.0/toolchain/avr8/avr8-gnu-toolchain/bin/../lib/gcc/avr/5.4.0/../../../../avr/lib/avr5\libm.a
LOAD c:\users\jakep\Documents\Atmel Studio\7.0\SimonSays\SimonSays\ArduinoCore\Debug\libArduinoCore.a
END GROUP
LOAD c:/program files (x86)/atmel/studio/7.0/toolchain/avr8/avr8-gnu-toolchain/bin/../lib/gcc/avr/5.4.0/avr5\libgcc.a
LOAD c:/program files (x86)/atmel/studio/7.0/toolchain/avr8/avr8-gnu-toolchain/bin/../lib/gcc/avr/5.4.0/../../../../avr/lib/avr5\libm.a
START GROUP
LOAD c:/program files (x86)/atmel/studio/7.0/toolchain/avr8/avr8-gnu-toolchain/bin/../lib/gcc/avr/5.4.0/avr5\libgcc.a
LOAD c:/program files (x86)/atmel/studio/7.0/toolchain/avr8/avr8-gnu-toolchain/bin/../lib/gcc/avr/5.4.0/../../../../avr/lib/avr5\libm.a
LOAD c:/program files (x86)/atmel/studio/7.0/toolchain/avr8/avr8-gnu-toolchain/bin/../lib/gcc/avr/5.4.0/../../../../avr/lib/avr5\libc.a
LOAD C:/Program Files (x86)/Atmel/Studio/7.0/Packs/atmel/ATmega_DFP/1.2.150/gcc/dev/atmega328/avr5\libatmega328.a
END GROUP
                0x00020000                __TEXT_REGION_LENGTH__ = DEFINED (__TEXT_REGION_LENGTH__)?__TEXT_REGION_LENGTH__:0x20000
                0x0000ffa0                __DATA_REGION_LENGTH__ = DEFINED (__DATA_REGION_LENGTH__)?__DATA_REGION_LENGTH__:0xffa0
                0x00010000                __EEPROM_REGION_LENGTH__ = DEFINED (__EEPROM_REGION_LENGTH__)?__EEPROM_REGION_LENGTH__:0x10000
                [0x00000003]                __FUSE_REGION_LENGTH__ = DEFINED (__FUSE_REGION_LENGTH__)?__FUSE_REGION_LENGTH__:0x400
                0x00000400                __LOCK_REGION_LENGTH__ = DEFINED (__LOCK_REGION_LENGTH__)?__LOCK_REGION_LENGTH__:0x400
                0x00000400                __SIGNATURE_REGION_LENGTH__ = DEFINED (__SIGNATURE_REGION_LENGTH__)?__SIGNATURE_REGION_LENGTH__:0x400
                0x00000400                __USER_SIGNATURE_REGION_LENGTH__ = DEFINED (__USER_SIGNATURE_REGION_LENGTH__)?__USER_SIGNATURE_REGION_LENGTH__:0x400

.hash
 *(.hash)

.dynsym
 *(.dynsym)

.dynstr
 *(.dynstr)

.gnu.version
 *(.gnu.version)

.gnu.version_d
 *(.gnu.version_d)

.gnu.version_r
 *(.gnu.version_r)

.rel.init
 *(.rel.init)

.rela.init
 *(.rela.init)

.rel.text
 *(.rel.text)
 *(.rel.text.*)
 *(.rel.gnu.linkonce.t*)

.rela.text
 *(.rela.text)
 *(.rela.text.*)
 *(.rela.gnu.linkonce.t*)

.rel.fini
 *(.rel.fini)

.rela.fini
 *(.rela.fini)

.rel.rodata
 *(.rel.rodata)
 *(.rel.rodata.*)
 *(.rel.gnu.linkonce.r*)

.rela.rodata
 *(.rela.rodata)
 *(.rela.rodata.*)
 *(.rela.gnu.linkonce.r*)

.rel.data
 *(.rel.data)
 *(.rel.data.*)
 *(.rel.gnu.linkonce.d*)

.rela.data
 *(.rela.data)
 *(.rela.data.*)
 *(.rela.gnu.linkonce.d*)

.rel.ctors
 *(.rel.ctors)

.rela.ctors
 *(.rela.ctors)

.rel.dtors
 *(.rel.dtors)

.rela.dtors
 *(.rela.dtors)

.rel.got
 *(.rel.got)

.rela.got
 *(.rela.got)

.rel.bss
 *(.rel.bss)

.rela.bss
 *(.rela.bss)

.rel.plt
 *(.rel.plt)

.rela.plt
 *(.rela.plt)

.text           0x00000000      0xcc6
 *(.vectors)
 .vectors       0x00000000       0x68 C:/Program Files (x86)/Atmel/Studio/7.0/Packs/atmel/ATmega_DFP/1.2.150/gcc/dev/atmega328/avr5/crtatmega328.o
                0x00000000                __vector_default
                0x00000000                __vectors
 *(.vectors)
 *(.progmem.gcc*)
                0x00000068                . = ALIGN (0x2)
                0x00000068                __trampolines_start = .
 *(.trampolines)
 .trampolines   0x00000068        0x0 linker stubs
 *(.trampolines*)
                0x00000068                __trampolines_end = .
 *libprintf_flt.a:*(.progmem.data)
 *libc.a:*(.progmem.data)
 *(.progmem*)
 .progmem.data.digital_pin_to_timer_PGM
                0x00000068       0x14 c:\users\jakep\Documents\Atmel Studio\7.0\SimonSays\SimonSays\ArduinoCore\Debug\libArduinoCore.a(wiring_digital.o)
                0x00000068                digital_pin_to_timer_PGM
 .progmem.data.digital_pin_to_bit_mask_PGM
                0x0000007c       0x14 c:\users\jakep\Documents\Atmel Studio\7.0\SimonSays\SimonSays\ArduinoCore\Debug\libArduinoCore.a(wiring_digital.o)
                0x0000007c                digital_pin_to_bit_mask_PGM
 .progmem.data.digital_pin_to_port_PGM
                0x00000090       0x14 c:\users\jakep\Documents\Atmel Studio\7.0\SimonSays\SimonSays\ArduinoCore\Debug\libArduinoCore.a(wiring_digital.o)
                0x00000090                digital_pin_to_port_PGM
 .progmem.data.port_to_output_PGM
                0x000000a4        0xa c:\users\jakep\Documents\Atmel Studio\7.0\SimonSays\SimonSays\ArduinoCore\Debug\libArduinoCore.a(wiring_digital.o)
                0x000000a4                port_to_output_PGM
 .progmem.data.port_to_mode_PGM
                0x000000ae        0xa c:\users\jakep\Documents\Atmel Studio\7.0\SimonSays\SimonSays\ArduinoCore\Debug\libArduinoCore.a(wiring_digital.o)
                0x000000ae                port_to_mode_PGM
                0x000000b8                . = ALIGN (0x2)
 *(.jumptables)
 *(.jumptables*)
 *(.lowtext)
 *(.lowtext*)
                0x000000b8                __ctors_start = .
 *(.ctors)
                0x000000b8                __ctors_end = .
                0x000000b8                __dtors_start = .
 *(.dtors)
                0x000000b8                __dtors_end = .
 SORT(*)(.ctors)
 SORT(*)(.dtors)
 *(.init0)
 .init0         0x000000b8        0x0 C:/Program Files (x86)/Atmel/Studio/7.0/Packs/atmel/ATmega_DFP/1.2.150/gcc/dev/atmega328/avr5/crtatmega328.o
                0x000000b8                __init
 *(.init0)
 *(.init1)
 *(.init1)
 *(.init2)
 .init2         0x000000b8        0xc C:/Program Files (x86)/Atmel/Studio/7.0/Packs/atmel/ATmega_DFP/1.2.150/gcc/dev/atmega328/avr5/crtatmega328.o
 *(.init2)
 *(.init3)
 *(.init3)
 *(.init4)
 .init4         0x000000c4       0x16 c:/program files (x86)/atmel/studio/7.0/toolchain/avr8/avr8-gnu-toolchain/bin/../lib/gcc/avr/5.4.0/avr5\libgcc.a(_copy_data.o)
                0x000000c4                __do_copy_data
 .init4         0x000000da       0x10 c:/program files (x86)/atmel/studio/7.0/toolchain/avr8/avr8-gnu-toolchain/bin/../lib/gcc/avr/5.4.0/avr5\libgcc.a(_clear_bss.o)
                0x000000da                __do_clear_bss
 *(.init4)
 *(.init5)
 *(.init5)
 *(.init6)
 *(.init6)
 *(.init7)
 *(.init7)
 *(.init8)
 *(.init8)
 *(.init9)
 .init9         0x000000ea        0x8 C:/Program Files (x86)/Atmel/Studio/7.0/Packs/atmel/ATmega_DFP/1.2.150/gcc/dev/atmega328/avr5/crtatmega328.o
 *(.init9)
 *(.text)
 .text          0x000000f2        0x4 C:/Program Files (x86)/Atmel/Studio/7.0/Packs/atmel/ATmega_DFP/1.2.150/gcc/dev/atmega328/avr5/crtatmega328.o
                0x000000f2                __vector_22
                0x000000f2                __vector_1
                0x000000f2                __vector_24
                0x000000f2                __vector_12
                0x000000f2                __bad_interrupt
                0x000000f2                __vector_6
                0x000000f2                __vector_3
                0x000000f2                __vector_23
                0x000000f2                __vector_25
                0x000000f2                __vector_11
                0x000000f2                __vector_13
                0x000000f2                __vector_17
                0x000000f2                __vector_19
                0x000000f2                __vector_7
                0x000000f2                __vector_5
                0x000000f2                __vector_4
                0x000000f2                __vector_9
                0x000000f2                __vector_2
                0x000000f2                __vector_21
                0x000000f2                __vector_15
                0x000000f2                __vector_8
                0x000000f2                __vector_14
                0x000000f2                __vector_10
                0x000000f2                __vector_18
                0x000000f2                __vector_20
                0x000000f6                . = ALIGN (0x2)
 *(.text.*)
 .text.setup    0x000000f6       0x98 Sketch.o
                0x000000f6                setup
 .text._Z10addToMovesv
                0x0000018e       0x46 Sketch.o
                0x0000018e                _Z10addToMovesv
 .text._Z16UpdateButtonValsv
                0x000001d4      0x122 Sketch.o
                0x000001d4                _Z16UpdateButtonValsv
 .text._Z11checkButtonv
                0x000002f6       0x44 Sketch.o
                0x000002f6                _Z11checkButtonv
 .text._Z7setLEDsh
                0x0000033a       0x46 Sketch.o
                0x0000033a                _Z7setLEDsh
 .text._Z9playMovesv
                0x00000380       0x40 Sketch.o
                0x00000380                _Z9playMovesv
 .text._Z13waitForButtonv
                0x000003c0       0x7c Sketch.o
                0x000003c0                _Z13waitForButtonv
 .text._Z10playMemoryv
                0x0000043c       0x88 Sketch.o
                0x0000043c                _Z10playMemoryv
 .text._Z10playWinnerv
                0x000004c4       0x48 Sketch.o
                0x000004c4                _Z10playWinnerv
 .text._Z9playLoserv
                0x0000050c       0x48 Sketch.o
                0x0000050c                _Z9playLoserv
 .text._Z11attractModev
                0x00000554       0x7a Sketch.o
                0x00000554                _Z11attractModev
 .text.loop     0x000005ce       0x5c Sketch.o
                0x000005ce                loop
 .text.initVariant
                0x0000062a        0x2 c:\users\jakep\Documents\Atmel Studio\7.0\SimonSays\SimonSays\ArduinoCore\Debug\libArduinoCore.a(main.o)
                0x0000062a                initVariant
 .text.startup.main
                0x0000062c       0x1e c:\users\jakep\Documents\Atmel Studio\7.0\SimonSays\SimonSays\ArduinoCore\Debug\libArduinoCore.a(main.o)
                0x0000062c                main
 .text.__vector_16
                0x0000064a       0x94 c:\users\jakep\Documents\Atmel Studio\7.0\SimonSays\SimonSays\ArduinoCore\Debug\libArduinoCore.a(wiring.o)
                0x0000064a                __vector_16
 .text.millis   0x000006de       0x18 c:\users\jakep\Documents\Atmel Studio\7.0\SimonSays\SimonSays\ArduinoCore\Debug\libArduinoCore.a(wiring.o)
                0x000006de                millis
 .text.micros   0x000006f6       0x4a c:\users\jakep\Documents\Atmel Studio\7.0\SimonSays\SimonSays\ArduinoCore\Debug\libArduinoCore.a(wiring.o)
                0x000006f6                micros
 .text.delay    0x00000740       0x78 c:\users\jakep\Documents\Atmel Studio\7.0\SimonSays\SimonSays\ArduinoCore\Debug\libArduinoCore.a(wiring.o)
                0x00000740                delay
 .text.init     0x000007b8       0x76 c:\users\jakep\Documents\Atmel Studio\7.0\SimonSays\SimonSays\ArduinoCore\Debug\libArduinoCore.a(wiring.o)
                0x000007b8                init
 .text.analogRead
                0x0000082e       0x3a c:\users\jakep\Documents\Atmel Studio\7.0\SimonSays\SimonSays\ArduinoCore\Debug\libArduinoCore.a(wiring_analog.o)
                0x0000082e                analogRead
 .text.turnOffPWM
                0x00000868       0x52 c:\users\jakep\Documents\Atmel Studio\7.0\SimonSays\SimonSays\ArduinoCore\Debug\libArduinoCore.a(wiring_digital.o)
 .text.pinMode  0x000008ba       0x78 c:\users\jakep\Documents\Atmel Studio\7.0\SimonSays\SimonSays\ArduinoCore\Debug\libArduinoCore.a(wiring_digital.o)
                0x000008ba                pinMode
 .text.digitalWrite
                0x00000932       0x5e c:\users\jakep\Documents\Atmel Studio\7.0\SimonSays\SimonSays\ArduinoCore\Debug\libArduinoCore.a(wiring_digital.o)
                0x00000932                digitalWrite
 .text._Z10randomSeedm
                0x00000990       0x10 c:\users\jakep\Documents\Atmel Studio\7.0\SimonSays\SimonSays\ArduinoCore\Debug\libArduinoCore.a(WMath.o)
                0x00000990                _Z10randomSeedm
 .text._Z6randoml
                0x000009a0       0x34 c:\users\jakep\Documents\Atmel Studio\7.0\SimonSays\SimonSays\ArduinoCore\Debug\libArduinoCore.a(WMath.o)
                0x000009a0                _Z6randoml
 .text._Z6randomll
                0x000009d4       0x44 c:\users\jakep\Documents\Atmel Studio\7.0\SimonSays\SimonSays\ArduinoCore\Debug\libArduinoCore.a(WMath.o)
                0x000009d4                _Z6randomll
 .text._ZN13ADCTouchClass4readEhi
                0x00000a18       0x9e c:\users\jakep\Documents\Atmel Studio\7.0\SimonSays\SimonSays\ArduinoCore\Debug\libArduinoCore.a(ADCTouch.o)
                0x00000a18                _ZN13ADCTouchClass4readEhi
 .text.__empty  0x00000ab6        0x2 c:\users\jakep\Documents\Atmel Studio\7.0\SimonSays\SimonSays\ArduinoCore\Debug\libArduinoCore.a(hooks.o)
                0x00000ab6                yield
 .text.libgcc.div
                0x00000ab8       0x2e c:/program files (x86)/atmel/studio/7.0/toolchain/avr8/avr8-gnu-toolchain/bin/../lib/gcc/avr/5.4.0/avr5\libgcc.a(_divmodsi4.o)
                0x00000ab8                __divmodsi4
 .text.libgcc.div
                0x00000ae6       0x10 c:/program files (x86)/atmel/studio/7.0/toolchain/avr8/avr8-gnu-toolchain/bin/../lib/gcc/avr/5.4.0/avr5\libgcc.a(_negsi2.o)
                0x00000ae6                __negsi2
 .text.libgcc.mul
                0x00000af6       0x16 c:/program files (x86)/atmel/studio/7.0/toolchain/avr8/avr8-gnu-toolchain/bin/../lib/gcc/avr/5.4.0/avr5\libgcc.a(_muluhisi3.o)
                0x00000af6                __muluhisi3
 .text.libgcc.div
                0x00000b0c       0x44 c:/program files (x86)/atmel/studio/7.0/toolchain/avr8/avr8-gnu-toolchain/bin/../lib/gcc/avr/5.4.0/avr5\libgcc.a(_udivmodsi4.o)
                0x00000b0c                __udivmodsi4
 .text.libgcc.mul
                0x00000b50       0x1e c:/program files (x86)/atmel/studio/7.0/toolchain/avr8/avr8-gnu-toolchain/bin/../lib/gcc/avr/5.4.0/avr5\libgcc.a(_umulhisi3.o)
                0x00000b50                __umulhisi3
 .text.avr-libc
                0x00000b6e      0x144 c:/program files (x86)/atmel/studio/7.0/toolchain/avr8/avr8-gnu-toolchain/bin/../lib/gcc/avr/5.4.0/../../../../avr/lib/avr5\libc.a(random.o)
                0x00000b6e                random_r
                0x00000c04                random
                0x00000ca0                srandom
 .text.libgcc.mul
                0x00000cb2       0x10 c:/program files (x86)/atmel/studio/7.0/toolchain/avr8/avr8-gnu-toolchain/bin/../lib/gcc/avr/5.4.0/avr5\libgcc.a(_mulshisi3.o)
                0x00000cb2                __mulshisi3
                0x00000cb8                __mulohisi3
                0x00000cc2                . = ALIGN (0x2)
 *(.fini9)
 .fini9         0x00000cc2        0x0 c:/program files (x86)/atmel/studio/7.0/toolchain/avr8/avr8-gnu-toolchain/bin/../lib/gcc/avr/5.4.0/avr5\libgcc.a(_exit.o)
                0x00000cc2                _exit
                0x00000cc2                exit
 *(.fini9)
 *(.fini8)
 *(.fini8)
 *(.fini7)
 *(.fini7)
 *(.fini6)
 *(.fini6)
 *(.fini5)
 *(.fini5)
 *(.fini4)
 *(.fini4)
 *(.fini3)
 *(.fini3)
 *(.fini2)
 *(.fini2)
 *(.fini1)
 *(.fini1)
 *(.fini0)
 .fini0         0x00000cc2        0x4 c:/program files (x86)/atmel/studio/7.0/toolchain/avr8/avr8-gnu-toolchain/bin/../lib/gcc/avr/5.4.0/avr5\libgcc.a(_exit.o)
 *(.fini0)
                0x00000cc6                _etext = .

.data           0x00800100        0x6 load address 0x00000cc6
                0x00800100                PROVIDE (__data_start, .)
 *(.data)
 .data          0x00800100        0x4 c:/program files (x86)/atmel/studio/7.0/toolchain/avr8/avr8-gnu-toolchain/bin/../lib/gcc/avr/5.4.0/../../../../avr/lib/avr5\libc.a(random.o)
 *(.data*)
 .data.analog_reference
                0x00800104        0x1 c:\users\jakep\Documents\Atmel Studio\7.0\SimonSays\SimonSays\ArduinoCore\Debug\libArduinoCore.a(wiring_analog.o)
                0x00800104                analog_reference
 *(.gnu.linkonce.d*)
 *(.rodata)
 *(.rodata*)
 *(.gnu.linkonce.r*)
                0x00800106                . = ALIGN (0x2)
 *fill*         0x00800105        0x1 
                0x00800106                _edata = .
                0x00800106                PROVIDE (__data_end, .)

.bss            0x00800106       0x3f
                0x00800106                PROVIDE (__bss_start, .)
 *(.bss)
 *(.bss*)
 .bss.value3    0x00800106        0x2 Sketch.o
                0x00800106                value3
 .bss.value2    0x00800108        0x2 Sketch.o
                0x00800108                value2
 .bss.value1    0x0080010a        0x2 Sketch.o
                0x0080010a                value1
 .bss.value0    0x0080010c        0x2 Sketch.o
                0x0080010c                value0
 .bss.Button3Val
                0x0080010e        0x1 Sketch.o
                0x0080010e                Button3Val
 .bss.Button2Val
                0x0080010f        0x1 Sketch.o
                0x0080010f                Button2Val
 .bss.Button1Val
                0x00800110        0x1 Sketch.o
                0x00800110                Button1Val
 .bss.Button0Val
                0x00800111        0x1 Sketch.o
                0x00800111                Button0Val
 .bss.gameRound
                0x00800112        0x1 Sketch.o
                0x00800112                gameRound
 .bss.gameBoard
                0x00800113       0x20 Sketch.o
                0x00800113                gameBoard
 .bss.ref3      0x00800133        0x2 Sketch.o
                0x00800133                ref3
 .bss.ref2      0x00800135        0x2 Sketch.o
                0x00800135                ref2
 .bss.ref1      0x00800137        0x2 Sketch.o
                0x00800137                ref1
 .bss.ref0      0x00800139        0x2 Sketch.o
                0x00800139                ref0
 .bss.timer0_fract
                0x0080013b        0x1 c:\users\jakep\Documents\Atmel Studio\7.0\SimonSays\SimonSays\ArduinoCore\Debug\libArduinoCore.a(wiring.o)
 .bss.timer0_millis
                0x0080013c        0x4 c:\users\jakep\Documents\Atmel Studio\7.0\SimonSays\SimonSays\ArduinoCore\Debug\libArduinoCore.a(wiring.o)
                0x0080013c                timer0_millis
 .bss.timer0_overflow_count
                0x00800140        0x4 c:\users\jakep\Documents\Atmel Studio\7.0\SimonSays\SimonSays\ArduinoCore\Debug\libArduinoCore.a(wiring.o)
                0x00800140                timer0_overflow_count
 .bss.ADCTouch  0x00800144        0x1 c:\users\jakep\Documents\Atmel Studio\7.0\SimonSays\SimonSays\ArduinoCore\Debug\libArduinoCore.a(ADCTouch.o)
                0x00800144                ADCTouch
 *(COMMON)
                0x00800145                PROVIDE (__bss_end, .)
                0x00000cc6                __data_load_start = LOADADDR (.data)
                0x00000ccc                __data_load_end = (__data_load_start + SIZEOF (.data))

.noinit         0x00800145        0x0
                [!provide]                PROVIDE (__noinit_start, .)
 *(.noinit*)
                [!provide]                PROVIDE (__noinit_end, .)
                0x00800145                _end = .
                [!provide]                PROVIDE (__heap_start, .)

.eeprom         0x00810000        0x0
 *(.eeprom*)
                0x00810000                __eeprom_end = .

.fuse
 *(.fuse)
 *(.lfuse)
 *(.hfuse)
 *(.efuse)

.lock
 *(.lock*)

.signature
 *(.signature*)

.user_signatures
 *(.user_signatures*)

.stab
 *(.stab)

.stabstr
 *(.stabstr)

.stab.excl
 *(.stab.excl)

.stab.exclstr
 *(.stab.exclstr)

.stab.index
 *(.stab.index)

.stab.indexstr
 *(.stab.indexstr)

.comment        0x00000000       0x30
 *(.comment)
 .comment       0x00000000       0x30 Sketch.o
                                 0x31 (size before relaxing)
 .comment       0x00000030       0x31 c:\users\jakep\Documents\Atmel Studio\7.0\SimonSays\SimonSays\ArduinoCore\Debug\libArduinoCore.a(main.o)
 .comment       0x00000030       0x31 c:\users\jakep\Documents\Atmel Studio\7.0\SimonSays\SimonSays\ArduinoCore\Debug\libArduinoCore.a(wiring.o)
 .comment       0x00000030       0x31 c:\users\jakep\Documents\Atmel Studio\7.0\SimonSays\SimonSays\ArduinoCore\Debug\libArduinoCore.a(wiring_analog.o)
 .comment       0x00000030       0x31 c:\users\jakep\Documents\Atmel Studio\7.0\SimonSays\SimonSays\ArduinoCore\Debug\libArduinoCore.a(wiring_digital.o)
 .comment       0x00000030       0x31 c:\users\jakep\Documents\Atmel Studio\7.0\SimonSays\SimonSays\ArduinoCore\Debug\libArduinoCore.a(WMath.o)
 .comment       0x00000030       0x31 c:\users\jakep\Documents\Atmel Studio\7.0\SimonSays\SimonSays\ArduinoCore\Debug\libArduinoCore.a(ADCTouch.o)
 .comment       0x00000030       0x31 c:\users\jakep\Documents\Atmel Studio\7.0\SimonSays\SimonSays\ArduinoCore\Debug\libArduinoCore.a(hooks.o)
 .comment       0x00000030       0x31 c:/program files (x86)/atmel/studio/7.0/toolchain/avr8/avr8-gnu-toolchain/bin/../lib/gcc/avr/5.4.0/../../../../avr/lib/avr5\libc.a(random.o)

.note.gnu.avr.deviceinfo
                0x00000000       0x3c
 .note.gnu.avr.deviceinfo
                0x00000000       0x3c C:/Program Files (x86)/Atmel/Studio/7.0/Packs/atmel/ATmega_DFP/1.2.150/gcc/dev/atmega328/avr5/crtatmega328.o

.note.gnu.build-id
 *(.note.gnu.build-id)

.debug
 *(.debug)

.line
 *(.line)

.debug_srcinfo
 *(.debug_srcinfo)

.debug_sfnames
 *(.debug_sfnames)

.debug_aranges  0x00000000      0x1e0
 *(.debug_aranges)
 .debug_aranges
                0x00000000       0x78 Sketch.o
 .debug_aranges
                0x00000078       0x30 c:\users\jakep\Documents\Atmel Studio\7.0\SimonSays\SimonSays\ArduinoCore\Debug\libArduinoCore.a(main.o)
 .debug_aranges
                0x000000a8       0x48 c:\users\jakep\Documents\Atmel Studio\7.0\SimonSays\SimonSays\ArduinoCore\Debug\libArduinoCore.a(wiring.o)
 .debug_aranges
                0x000000f0       0x30 c:\users\jakep\Documents\Atmel Studio\7.0\SimonSays\SimonSays\ArduinoCore\Debug\libArduinoCore.a(wiring_analog.o)
 .debug_aranges
                0x00000120       0x38 c:\users\jakep\Documents\Atmel Studio\7.0\SimonSays\SimonSays\ArduinoCore\Debug\libArduinoCore.a(wiring_digital.o)
 .debug_aranges
                0x00000158       0x48 c:\users\jakep\Documents\Atmel Studio\7.0\SimonSays\SimonSays\ArduinoCore\Debug\libArduinoCore.a(WMath.o)
 .debug_aranges
                0x000001a0       0x20 c:\users\jakep\Documents\Atmel Studio\7.0\SimonSays\SimonSays\ArduinoCore\Debug\libArduinoCore.a(ADCTouch.o)
 .debug_aranges
                0x000001c0       0x20 c:\users\jakep\Documents\Atmel Studio\7.0\SimonSays\SimonSays\ArduinoCore\Debug\libArduinoCore.a(hooks.o)

.debug_pubnames
 *(.debug_pubnames)

.debug_info     0x00000000     0x2490
 *(.debug_info .gnu.linkonce.wi.*)
 .debug_info    0x00000000      0x5f4 C:/Program Files (x86)/Atmel/Studio/7.0/Packs/atmel/ATmega_DFP/1.2.150/gcc/dev/atmega328/avr5/crtatmega328.o
 .debug_info    0x000005f4      0xc3a Sketch.o
 .debug_info    0x0000122e      0x237 c:\users\jakep\Documents\Atmel Studio\7.0\SimonSays\SimonSays\ArduinoCore\Debug\libArduinoCore.a(main.o)
 .debug_info    0x00001465      0x2cb c:\users\jakep\Documents\Atmel Studio\7.0\SimonSays\SimonSays\ArduinoCore\Debug\libArduinoCore.a(wiring.o)
 .debug_info    0x00001730      0x26d c:\users\jakep\Documents\Atmel Studio\7.0\SimonSays\SimonSays\ArduinoCore\Debug\libArduinoCore.a(wiring_analog.o)
 .debug_info    0x0000199d      0x5fe c:\users\jakep\Documents\Atmel Studio\7.0\SimonSays\SimonSays\ArduinoCore\Debug\libArduinoCore.a(wiring_digital.o)
 .debug_info    0x00001f9b      0x230 c:\users\jakep\Documents\Atmel Studio\7.0\SimonSays\SimonSays\ArduinoCore\Debug\libArduinoCore.a(WMath.o)
 .debug_info    0x000021cb      0x287 c:\users\jakep\Documents\Atmel Studio\7.0\SimonSays\SimonSays\ArduinoCore\Debug\libArduinoCore.a(ADCTouch.o)
 .debug_info    0x00002452       0x3e c:\users\jakep\Documents\Atmel Studio\7.0\SimonSays\SimonSays\ArduinoCore\Debug\libArduinoCore.a(hooks.o)

.debug_abbrev   0x00000000     0x1027
 *(.debug_abbrev)
 .debug_abbrev  0x00000000      0x5a2 C:/Program Files (x86)/Atmel/Studio/7.0/Packs/atmel/ATmega_DFP/1.2.150/gcc/dev/atmega328/avr5/crtatmega328.o
 .debug_abbrev  0x000005a2      0x2a9 Sketch.o
 .debug_abbrev  0x0000084b      0x12d c:\users\jakep\Documents\Atmel Studio\7.0\SimonSays\SimonSays\ArduinoCore\Debug\libArduinoCore.a(main.o)
 .debug_abbrev  0x00000978      0x146 c:\users\jakep\Documents\Atmel Studio\7.0\SimonSays\SimonSays\ArduinoCore\Debug\libArduinoCore.a(wiring.o)
 .debug_abbrev  0x00000abe      0x16b c:\users\jakep\Documents\Atmel Studio\7.0\SimonSays\SimonSays\ArduinoCore\Debug\libArduinoCore.a(wiring_analog.o)
 .debug_abbrev  0x00000c29      0x15b c:\users\jakep\Documents\Atmel Studio\7.0\SimonSays\SimonSays\ArduinoCore\Debug\libArduinoCore.a(wiring_digital.o)
 .debug_abbrev  0x00000d84      0x12b c:\users\jakep\Documents\Atmel Studio\7.0\SimonSays\SimonSays\ArduinoCore\Debug\libArduinoCore.a(WMath.o)
 .debug_abbrev  0x00000eaf      0x14e c:\users\jakep\Documents\Atmel Studio\7.0\SimonSays\SimonSays\ArduinoCore\Debug\libArduinoCore.a(ADCTouch.o)
 .debug_abbrev  0x00000ffd       0x2a c:\users\jakep\Documents\Atmel Studio\7.0\SimonSays\SimonSays\ArduinoCore\Debug\libArduinoCore.a(hooks.o)

.debug_line     0x00000000     0x12b6
 *(.debug_line .debug_line.* .debug_line_end)
 .debug_line    0x00000000      0x133 C:/Program Files (x86)/Atmel/Studio/7.0/Packs/atmel/ATmega_DFP/1.2.150/gcc/dev/atmega328/avr5/crtatmega328.o
 .debug_line    0x00000133      0x604 Sketch.o
 .debug_line    0x00000737      0x165 c:\users\jakep\Documents\Atmel Studio\7.0\SimonSays\SimonSays\ArduinoCore\Debug\libArduinoCore.a(main.o)
 .debug_line    0x0000089c      0x299 c:\users\jakep\Documents\Atmel Studio\7.0\SimonSays\SimonSays\ArduinoCore\Debug\libArduinoCore.a(wiring.o)
 .debug_line    0x00000b35      0x20f c:\users\jakep\Documents\Atmel Studio\7.0\SimonSays\SimonSays\ArduinoCore\Debug\libArduinoCore.a(wiring_analog.o)
 .debug_line    0x00000d44      0x252 c:\users\jakep\Documents\Atmel Studio\7.0\SimonSays\SimonSays\ArduinoCore\Debug\libArduinoCore.a(wiring_digital.o)
 .debug_line    0x00000f96      0x143 c:\users\jakep\Documents\Atmel Studio\7.0\SimonSays\SimonSays\ArduinoCore\Debug\libArduinoCore.a(WMath.o)
 .debug_line    0x000010d9      0x19c c:\users\jakep\Documents\Atmel Studio\7.0\SimonSays\SimonSays\ArduinoCore\Debug\libArduinoCore.a(ADCTouch.o)
 .debug_line    0x00001275       0x41 c:\users\jakep\Documents\Atmel Studio\7.0\SimonSays\SimonSays\ArduinoCore\Debug\libArduinoCore.a(hooks.o)

.debug_frame    0x00000000      0x47c
 *(.debug_frame)
 .debug_frame   0x00000000      0x128 Sketch.o
 .debug_frame   0x00000128       0x54 c:\users\jakep\Documents\Atmel Studio\7.0\SimonSays\SimonSays\ArduinoCore\Debug\libArduinoCore.a(main.o)
 .debug_frame   0x0000017c       0xc4 c:\users\jakep\Documents\Atmel Studio\7.0\SimonSays\SimonSays\ArduinoCore\Debug\libArduinoCore.a(wiring.o)
 .debug_frame   0x00000240       0x54 c:\users\jakep\Documents\Atmel Studio\7.0\SimonSays\SimonSays\ArduinoCore\Debug\libArduinoCore.a(wiring_analog.o)
 .debug_frame   0x00000294       0x7c c:\users\jakep\Documents\Atmel Studio\7.0\SimonSays\SimonSays\ArduinoCore\Debug\libArduinoCore.a(wiring_digital.o)
 .debug_frame   0x00000310       0xf4 c:\users\jakep\Documents\Atmel Studio\7.0\SimonSays\SimonSays\ArduinoCore\Debug\libArduinoCore.a(WMath.o)
 .debug_frame   0x00000404       0x54 c:\users\jakep\Documents\Atmel Studio\7.0\SimonSays\SimonSays\ArduinoCore\Debug\libArduinoCore.a(ADCTouch.o)
 .debug_frame   0x00000458       0x24 c:\users\jakep\Documents\Atmel Studio\7.0\SimonSays\SimonSays\ArduinoCore\Debug\libArduinoCore.a(hooks.o)

.debug_str      0x00000000      0xab5
 *(.debug_str)
 .debug_str     0x00000000      0x208 C:/Program Files (x86)/Atmel/Studio/7.0/Packs/atmel/ATmega_DFP/1.2.150/gcc/dev/atmega328/avr5/crtatmega328.o
 .debug_str     0x00000208      0x476 Sketch.o
                                0x4c4 (size before relaxing)
 .debug_str     0x0000067e       0xaf c:\users\jakep\Documents\Atmel Studio\7.0\SimonSays\SimonSays\ArduinoCore\Debug\libArduinoCore.a(main.o)
                                0x2af (size before relaxing)
 .debug_str     0x0000072d      0x165 c:\users\jakep\Documents\Atmel Studio\7.0\SimonSays\SimonSays\ArduinoCore\Debug\libArduinoCore.a(wiring.o)
                                0x245 (size before relaxing)
 .debug_str     0x00000892       0x7e c:\users\jakep\Documents\Atmel Studio\7.0\SimonSays\SimonSays\ArduinoCore\Debug\libArduinoCore.a(wiring_analog.o)
                                0x249 (size before relaxing)
 .debug_str     0x00000910       0xa9 c:\users\jakep\Documents\Atmel Studio\7.0\SimonSays\SimonSays\ArduinoCore\Debug\libArduinoCore.a(wiring_digital.o)
                                0x2aa (size before relaxing)
 .debug_str     0x000009b9       0x91 c:\users\jakep\Documents\Atmel Studio\7.0\SimonSays\SimonSays\ArduinoCore\Debug\libArduinoCore.a(WMath.o)
                                0x248 (size before relaxing)
 .debug_str     0x00000a4a       0x4f c:\users\jakep\Documents\Atmel Studio\7.0\SimonSays\SimonSays\ArduinoCore\Debug\libArduinoCore.a(ADCTouch.o)
                                0x2e3 (size before relaxing)
 .debug_str     0x00000a99       0x1c c:\users\jakep\Documents\Atmel Studio\7.0\SimonSays\SimonSays\ArduinoCore\Debug\libArduinoCore.a(hooks.o)
                                0x13a (size before relaxing)

.debug_loc      0x00000000     0x1142
 *(.debug_loc)
 .debug_loc     0x00000000      0x285 Sketch.o
 .debug_loc     0x00000285      0x28d c:\users\jakep\Documents\Atmel Studio\7.0\SimonSays\SimonSays\ArduinoCore\Debug\libArduinoCore.a(wiring.o)
 .debug_loc     0x00000512       0xfe c:\users\jakep\Documents\Atmel Studio\7.0\SimonSays\SimonSays\ArduinoCore\Debug\libArduinoCore.a(wiring_analog.o)
 .debug_loc     0x00000610      0x5fc c:\users\jakep\Documents\Atmel Studio\7.0\SimonSays\SimonSays\ArduinoCore\Debug\libArduinoCore.a(wiring_digital.o)
 .debug_loc     0x00000c0c      0x3d6 c:\users\jakep\Documents\Atmel Studio\7.0\SimonSays\SimonSays\ArduinoCore\Debug\libArduinoCore.a(WMath.o)
 .debug_loc     0x00000fe2      0x160 c:\users\jakep\Documents\Atmel Studio\7.0\SimonSays\SimonSays\ArduinoCore\Debug\libArduinoCore.a(ADCTouch.o)

.debug_macinfo
 *(.debug_macinfo)

.debug_weaknames
 *(.debug_weaknames)

.debug_funcnames
 *(.debug_funcnames)

.debug_typenames
 *(.debug_typenames)

.debug_varnames
 *(.debug_varnames)

.debug_pubtypes
 *(.debug_pubtypes)

.debug_ranges   0x00000000      0x1a8
 *(.debug_ranges)
 .debug_ranges  0x00000000       0x98 Sketch.o
 .debug_ranges  0x00000098       0x20 c:\users\jakep\Documents\Atmel Studio\7.0\SimonSays\SimonSays\ArduinoCore\Debug\libArduinoCore.a(main.o)
 .debug_ranges  0x000000b8       0x38 c:\users\jakep\Documents\Atmel Studio\7.0\SimonSays\SimonSays\ArduinoCore\Debug\libArduinoCore.a(wiring.o)
 .debug_ranges  0x000000f0       0x20 c:\users\jakep\Documents\Atmel Studio\7.0\SimonSays\SimonSays\ArduinoCore\Debug\libArduinoCore.a(wiring_analog.o)
 .debug_ranges  0x00000110       0x28 c:\users\jakep\Documents\Atmel Studio\7.0\SimonSays\SimonSays\ArduinoCore\Debug\libArduinoCore.a(wiring_digital.o)
 .debug_ranges  0x00000138       0x38 c:\users\jakep\Documents\Atmel Studio\7.0\SimonSays\SimonSays\ArduinoCore\Debug\libArduinoCore.a(WMath.o)
 .debug_ranges  0x00000170       0x28 c:\users\jakep\Documents\Atmel Studio\7.0\SimonSays\SimonSays\ArduinoCore\Debug\libArduinoCore.a(ADCTouch.o)
 .debug_ranges  0x00000198       0x10 c:\users\jakep\Documents\Atmel Studio\7.0\SimonSays\SimonSays\ArduinoCore\Debug\libArduinoCore.a(hooks.o)

.debug_macro
 *(.debug_macro)
OUTPUT(sketch_mar16a.elf elf32-avr)
LOAD linker stubs
